class 3 : 10th June (Tuesday)

mv : To Move and To Rename 

$ mv <current-location> <new-location>  --> changing location

$ mv <current-name <new-name> --> renaming the file

--------------------------
$ cat <file-name> 
$ cat aws.txt ---> It will display data/content of that file

$ cat > telusko.txt ----> It will create a file and allow us to add data/content ( use cntl+D to come out of edit mode)

$ cat >> <file-name>
$ cat >> f1.txt --> append data/content in existing file

$ cat -n f1.txt ---> Display data with numbering

$ tac file.txt ---> display/print the content from bottom to top 

$ rev file.txt --> reverse each line and each word of that line
--------------------------------------

Copy Data : cp
---------
$ cp alien.txt telusko.txt --> alien file data will be added in telusko file ( If there is content/data in telusko thn that will be replaced by new content coming from alien.txt file)

Copy multiple files data into another file
--------------------------------------
cat alien.txt aws.txt > f2.txt    ---> content of alien and aws file will be added into f2 file

$ head f1.txt
$ tail f1.txt    

 Both will print content of files like cat

$ head -n 5 f1.txt ---> prints / displays first 5 lines of that file 

$ head -n 10.txt ---> prints / displays first 10 lines of that file 

$ tail -n 5 f1.txt ---> prints / display last 5 lines of the file 

$ history
    1  clear
    2  date
    3  whoami
    4  pwd
    5  whoami
    6  pwd
    7  date
    8  clear
    9  whoami
   10  pwd
   11  mkdir telusko
   12  cd telusko
   13  pwd
   14  cd ..
   15  pwd
   16  ls -l
   17  rmdir telusko
   18  ls -l
   19  ls
   20  clear
   21  touch alien.txt
   22  ls
   23  touch telusko.txt
   24  touch ramu.txt
   25  ls
   26  ls -l
   27  mkdir aws
   28  cd aws
   29  touch f1.txt f2.txt f3.txt
   30  ls
   31  ls -l
   32  cd ..
   33  ls -l
   34  ls -lr
   35  ls -lt
   36  ls -ltr
   37  clear
   38  ls -l
   39  rm aws
   40  rmdir aws
   41  rm -rf aws
   42  ls -l
   43  clear
   44  touch java.txt
   45  mkdir python
   46  ls -l
   47  cd python
   48  pwd
   49  cd ..
   50  rmdir python
   51  clear
   52  ls
   53  clear
   54  ls -l
   55  rm alien.txt
   56  ls -l
   57  mkdir devops
   58  touch kubernetes.yml
   59  touch shellscript.sh
   60  ls -l
   61  rm *.txt
   62  ls -l
   63  clear
   64  touch alien.txt
   65  touch abc.txt
   66  touch alpha.txt
   67  touch f1.txt f2.txt f3.txt
   68  ls -l
   69  rm a*.txt
   70  ls -l
   71  clear
   72  ls -l
   73  rmdir devops
   74  rm *.txt
   75  ls -l
   76  rm kubernetes.yml
   77  rm shellscript.sh
   78  ls -l
   79  clear
   80  ls -l
   81  clear
   82  ls -l
   83  clear
   84  ls -l
   85  ls
   86  clear
   87  touch alien.txt
   88  touch f1.txt f2.txt
   89  touch aws.txt
   90  touch devops.txt
   91  touch manifest.yml
   92  ls -l
   93  mkdir linux
   94  ls -l
   95  clear
   96  ls -l
   97  mv manifest.yml k8s-manifest.yml
   98  ls -l
   99  mv alien.txt telusko.txt
  100  ls -l
  101  clear
  102  ls -l
  103  mv devops.txt linux
  104  ls -l
  105  pwd
  106  cd linux
  107  ls -l
  108  cd ..
  109  clear
  110  ls
  111  cd linux
  112  ls
  113  pwd
  114  cd ..
  115  pwd
  116  ls -l
  117  clear
  118  ls
  119  cat telusko.txt
  120  cat alien.txt
  121  cat > alien.txt
  122  cat alien.txt
  123  clear
  124  ls -l
  125  cat >> aws.txt
  126  cat alien.txt
  127  cat aws.txt
  128  clear
  129  ls
  130  cat -n aws.txt
  131  cat aws.txt
  132  tac aws.txt
  133  rev aws.txt
  134  clear
  135  ls -l
  136  cat alien.txt
  137  cat aws.txt
  138  clear
  139  ls -l
  140  cat telusko.txt
  141  cp alien.txt telusko.txt
  142  cat telusko.txt
  143  cp aws.txt telusko.txt
  144  cat telusko.txt
  145  clear
  146  ls
  147  cat alien.txt aws.txt > f1.txt
  148  cat f1.txt
  149  ls
  150  clear
  151  cat f1.txt
  152  clear
  153  cat -n f1.txt
  154  head -n 4 f1.txt
  155  head f1.txt
  156  tail f1.txt
  157  tail -n 4 f1.txt
  158  clear
  159  history
==============================================================================================
 history --> command will display all commands which we have used in a particular VM

----------------------------------------------------
grep
====

grep stands for Global Regular Expression Print

It's a command-line utility in Linux used to search for patterns in text using regular expression. It prints the matching lines

$ cat f1.txt

Linux Learning classes and it looks linux is not so hard also
After Linux we shall learn Bash Shell Scripting
AWS is most used cloud provider
AWS is very wide and has many resources or services
We will learn AWS after the Shell Scripting
AFter AWS we shall start with Terraform and Ansible

$ grep 'aws' f1.txt  --> It will print the lines which has aws by considering case sensitivity

$ grep -i 'aws' f1.txt  --> It will print the lines which has aws by ignoring case sensitivity

AWS is most used cloud provider
AWS is very wide and has many resources or services
We will learn AWS after the Shell Scripting
AFter AWS we shall start with Terraform and Ansible


$ grep -n 'AWS' f1.txt --> It will print the lines which has aws along side line number

3:AWS is most used cloud provider
4:AWS is very wide and has many resources or services
5:We will learn AWS after the Shell Scripting
6:AFter AWS we shall start with Terraform and Ansible


$ grep -v 'AWS' f1.txt --> It will print the lines which does not has aws in it


Linux Learning classes and it looks linux is not so hard also
After Linux we shall learn Bash Shell Scripting


$ grep -i 'AWS' *  --> search for aws keyword in all files of pwd

aws.txt:AWS is most used cloud provider
aws.txt:AWS is very wide and has many resources or services
aws.txt:We will learn AWS after the Shell Scripting
aws.txt:AFter AWS we shall start with Terraform and Ansible
f1.txt:AWS is most used cloud provider
f1.txt:AWS is very wide and has many resources or services
f1.txt:We will learn AWS after the Shell Scripting
f1.txt:AFter AWS we shall start with Terraform and Ansible
grep: linux: Is a directory
telusko.txt:AWS is most used cloud provider
telusko.txt:AWS is very wide and has many resources or services
telusko.txt:We will learn AWS after the Shell Scripting
telusko.txt:AFter AWS we shall start with Terraform and Ansible

============================================================================
grep -i "warning" app.log
ðŸ”¹ Finds "Warning", "WARNING", "wArNiNg", etc., in app.log.

Count the number of matches

grep -c "Exception" error.log
ðŸ”¹ Outputs how many lines contain "Exception" in error.log.

Show line numbers with matches

grep -n "Database" db.log
ðŸ”¹ Shows lines with "Database" along with their line numbers.

Search for an exact word match

grep -w "fail" results.txt
ðŸ”¹ Matches only the word fail, not failed or failing.

=================================================================================




















